// Jest Snapshot v1, https://goo.gl/fbAQLP

exports[`<Todos /> should render title 1`] = `
<div>
  <h1>
    My dummy title
  </h1>
  <h2>
    Empty.
  </h2>
  <div>
    Last updated at 
    15:23:05
    .
     
  </div>
  <button
    onClick={[Function]}
    type="button"
  >
    Refresh
  </button>
  <button
    onClick={[Function]}
    type="button"
  >
    Go to about page via redux
  </button>
</div>
`;
